app/[locale]/novel/[slug]/[chapterId]/edit/actions.ts(19,25): error TS18047: 'auth' is possibly 'null'.
app/[locale]/novel/[slug]/page.tsx(115,8): error TS2741: Property 'chapterId' is missing in type '{ slug: string; }' but required in type '{ slug: string; chapterId: string; }'.
app/[locale]/page.tsx(46,6): error TS2322: Type '{ id: number; title: string; slug: string; author: string; coverUrl: string | null; status: "completed" | "ongoing" | "hiatus" | "dropped" | null; views: number; createdAt: Date | null; }[]' is not assignable to type 'Novel[]'.
  Type '{ id: number; title: string; slug: string; author: string; coverUrl: string | null; status: "completed" | "ongoing" | "hiatus" | "dropped" | null; views: number; createdAt: Date | null; }' is not assignable to type 'Novel'.
    Types of property 'status' are incompatible.
      Type '"completed" | "ongoing" | "hiatus" | "dropped" | null' is not assignable to type '"completed" | "ongoing" | "hiatus" | null | undefined'.
        Type '"dropped"' is not assignable to type '"completed" | "ongoing" | "hiatus" | null | undefined'.
app/[locale]/page.tsx(46,30): error TS2322: Type '{ id: number; title: string; slug: string; author: string; coverUrl: string | null; status: "completed" | "ongoing" | "hiatus" | "dropped" | null; views: number; description: string | null; }[]' is not assignable to type 'Novel[]'.
  Type '{ id: number; title: string; slug: string; author: string; coverUrl: string | null; status: "completed" | "ongoing" | "hiatus" | "dropped" | null; views: number; description: string | null; }' is not assignable to type 'Novel'.
    Types of property 'status' are incompatible.
      Type '"completed" | "ongoing" | "hiatus" | "dropped" | null' is not assignable to type '"completed" | "ongoing" | "hiatus" | null | undefined'.
        Type '"dropped"' is not assignable to type '"completed" | "ongoing" | "hiatus" | null | undefined'.
app/[locale]/writer/novels/[slug]/page.tsx(60,17): error TS2322: Type '{ id: number; slug: string; title: string; englishTitle: string; author: string; description: string | null; coverUrl: string | null; tags: string; status: "completed" | "ongoing" | "hiatus" | "dropped" | null; ... 7 more ...; updatedAt: Date | null; }' is not assignable to type 'Novel'.
  Types of property 'chapterPrice' are incompatible.
    Type 'number | null' is not assignable to type 'number'.
      Type 'null' is not assignable to type 'number'.
app/[locale]/writer/novels/[slug]/schedule-batch-modal.tsx(72,21): error TS18046: 'data' is of type 'unknown'.
app/[locale]/writer/novels/[slug]/schedule-batch-modal.tsx(76,30): error TS18046: 'data' is of type 'unknown'.
app/actions.ts(16,25): error TS18047: 'auth' is possibly 'null'.
app/api/author/analytics/route.ts(11,31): error TS18047: 'auth' is possibly 'null'.
app/api/author/novels/[slug]/route.ts(82,20): error TS18046: 'body' is of type 'unknown'.
app/api/author/novels/[slug]/route.ts(83,21): error TS18046: 'body' is of type 'unknown'.
app/api/author/novels/[slug]/route.ts(84,26): error TS18046: 'body' is of type 'unknown'.
app/api/author/novels/[slug]/route.ts(85,19): error TS18046: 'body' is of type 'unknown'.
app/api/author/novels/[slug]/route.ts(86,21): error TS18046: 'body' is of type 'unknown'.
app/api/author/novels/[slug]/route.ts(87,30): error TS18046: 'body' is of type 'unknown'.
app/api/author/novels/[slug]/route.ts(88,35): error TS18046: 'body' is of type 'unknown'.
app/api/author/novels/[slug]/route.ts(88,69): error TS18046: 'body' is of type 'unknown'.
app/api/author/novels/[slug]/route.ts(89,36): error TS18046: 'body' is of type 'unknown'.
app/api/author/novels/[slug]/route.ts(89,71): error TS18046: 'body' is of type 'unknown'.
app/api/author/novels/[slug]/route.ts(93,20): error TS18046: 'body' is of type 'unknown'.
app/api/author/novels/[slug]/route.ts(94,44): error TS18046: 'body' is of type 'unknown'.
app/api/author/novels/[slug]/route.ts(105,20): error TS18046: 'body' is of type 'unknown'.
app/api/author/novels/[slug]/route.ts(105,57): error TS18046: 'body' is of type 'unknown'.
app/api/author/novels/[slug]/route.ts(114,45): error TS18046: 'body' is of type 'unknown'.
app/api/author/novels/[slug]/route.ts(115,45): error TS18046: 'body' is of type 'unknown'.
app/api/author/novels/[slug]/route.ts(126,48): error TS18046: 'body' is of type 'unknown'.
app/api/author/novels/[slug]/route.ts(127,48): error TS18046: 'body' is of type 'unknown'.
app/api/author/novels/[slug]/route.ts(159,17): error TS2339: Property 'password' does not exist on type 'unknown'.
app/api/author/novels/route.ts(11,31): error TS18047: 'auth' is possibly 'null'.
app/api/file/upload/route.ts(9,31): error TS18047: 'auth' is possibly 'null'.
app/api/novel/[slug]/full-download/route.ts(19,31): error TS18047: 'auth' is possibly 'null'.
app/api/novel/chapter/create/route.ts(93,13): error TS2322: Type 'boolean | undefined' is not assignable to type 'string | boolean'.
  Type 'undefined' is not assignable to type 'string | boolean'.
app/api/novel/chapter/delete/route.ts(11,31): error TS18047: 'auth' is possibly 'null'.
app/api/novel/chapter/unlock/route.ts(12,31): error TS18047: 'auth' is possibly 'null'.
app/api/novel/chapter/unlock/route.ts(19,17): error TS2339: Property 'chapterId' does not exist on type 'unknown'.
app/api/novel/chapter/unlock/route.ts(19,28): error TS2339: Property 'novelId' does not exist on type 'unknown'.
app/api/novel/chapter/unlock/route.ts(19,37): error TS2339: Property 'chapterPrice' does not exist on type 'unknown'.
app/api/novel/chapter/unlock/route.ts(19,51): error TS2339: Property 'slug' does not exist on type 'unknown'.
app/api/novel/chapter/unlock/route.ts(19,57): error TS2339: Property 'sortIndex' does not exist on type 'unknown'.
app/api/novel/delete/route.ts(11,31): error TS18047: 'auth' is possibly 'null'.
app/api/novel/edit/route.ts(14,31): error TS18047: 'auth' is possibly 'null'.
app/api/novel/volume/create/route.ts(17,31): error TS18047: 'auth' is possibly 'null'.
app/api/novel/volume/delete/route.ts(17,31): error TS18047: 'auth' is possibly 'null'.
app/api/novel/volume/edit/route.ts(18,31): error TS18047: 'auth' is possibly 'null'.
app/api/report/route.ts(29,30): error TS2554: Expected 3-4 arguments, but got 2.
app/api/reward/daily/route.ts(50,15): error TS7034: Variable 'newCoupons' implicitly has type 'any[]' in some locations where its type cannot be determined.
app/api/reward/daily/route.ts(65,52): error TS7005: Variable 'newCoupons' implicitly has an 'any[]' type.
